autoconf
automake
bash-completion
berkeley-db
bison
boost
brew-gem
brew-pip
cairo
cloc
cloog-ppl015
cloog@0.15
cmake
coreutils
ctags
curl
czmq
dep
docker
docker-compose
docker-machine
faac
fdk-aac
fontconfig
fontforge
freetype
fribidi
gdb
gdbm
gettext
giflib
git
glib
global
gmp
gmp4
gmp@4
gnu-prolog
go
gobject-introspection
google-java-format
gradle
gradle-completion
graphite2
harfbuzz
haskell-stack
heroku
heroku-node
hub
icu4c
jpeg
jq
kotlin
kubernetes-cli
kubernetes-helm
kubeval
lame
leiningen
lha
libarchive
libav
libevent
libffi
libidn2
libmagic
libmpc08
libmpc@0.8
libogg
libpng
libsodium
libspiro
libssh2
libtasn1
libtiff
libtool
libuninameslist
libunistring
libvorbis
libvpx
libyaml
lua@5.1
markdown
maven
maven-shell
mercurial
mobile-shell
mosh
mpfr2
mpfr@2
mysql
mysql-client
ncurses
nkf
nmap
node
nodebrew
oniguruma
openssl
openssl@1.1
opus
orc-tools
ossp-uuid
packer
pango
pcre
pcre2
peco
phantomjs
pip-list
pixman
pkg-config
popt
postgresql
ppl011
ppl@0.11
protobuf
pstree
pyenv
python
python3
python@2
rbenv
rbenv-bundler
rbenv-gemset
readline
ricty
rlwrap
rpm
rpm2cpio
ruby
ruby-build
sbt
scala
sphinx-doc
sqlite
swagger-codegen
terminal-notifier
terraform
terraforming
texi2html
tfenv
thrift
tig
tmux
tree
ttyrec
uncrustify
unixodbc
unrar
utf8proc
watch
wget
wxmac
x264
xvid
xz
yasm
z
zeromq
zlib
zookeeper
zsh
zsh-completions
zstd
